// Jest Snapshot v1, https://goo.gl/fbAQLP

exports[`render correctly and matches the My Profile snapshot 1`] = `
<DocumentFragment>
  <div
    class="mainContainer"
  >
    <section
      class="myMissions"
    >
      <span
        class="sectionTitle"
      >
        My Missions
      </span>
      <span
        class="item"
      >
        No Missions Joined
      </span>
    </section>
    <section
      class="myMissions myRockets"
    >
      <h2
        class="sectionTitle"
      >
         My Rockects
      </h2>
      <ul
        class="reservedRockets"
      >
        <li>
          <p
            class="noReserve item"
          >
            No Rocket booked 
          </p>
        </li>
      </ul>
    </section>
    <section
      class="myMissions myDragons"
    >
      <h2
        class="sectionTitle"
      >
         My Dragons
      </h2>
      <ul
        class="reservedRockets"
      >
        <li>
          <p
            class="noReserve item"
          >
            No Dragon booked 
          </p>
        </li>
      </ul>
    </section>
  </div>
</DocumentFragment>
`;
